Enter password: *****
Welcome to the MySQL monitor.  Commands end with ; or \g.
Your MySQL connection id is 10
Server version: 5.5.62 MySQL Community Server (GPL)

Copyright (c) 2000, 2018, Oracle and/or its affiliates. All rights reserved.

Oracle is a registered trademark of Oracle Corporation and/or its
affiliates. Other names may be trademarks of their respective
owners.

Type 'help;' or '\h' for help. Type '\c' to clear the current input statement.

mysql> \
mysql> select*from mentees;
ERROR 1046 (3D000): No database selected
mysql> use sse;
Database changed
mysql> select*from mentees;
+-----------+-------------+-------+------------+-------+---------+
| regno     | name        | dept  | fathername | marks | subject |
+-----------+-------------+-------+------------+-------+---------+
| 192111719 | naveenreddy | civil | ramireddy  |   100 | dbms    |
| 192111234 | naveen      | ece   | murthi     |    98 | pdsd    |
| 192111453 | vali        | mech  | hussain    |    99 | beee    |
+-----------+-------------+-------+------------+-------+---------+
3 rows in set (0.00 sec)

mysql> select*from mentees order by name;
+-----------+-------------+-------+------------+-------+---------+
| regno     | name        | dept  | fathername | marks | subject |
+-----------+-------------+-------+------------+-------+---------+
| 192111234 | naveen      | ece   | murthi     |    98 | pdsd    |
| 192111719 | naveenreddy | civil | ramireddy  |   100 | dbms    |
| 192111453 | vali        | mech  | hussain    |    99 | beee    |
+-----------+-------------+-------+------------+-------+---------+
3 rows in set (0.00 sec)

mysql> select*from mentees order by dept;
+-----------+-------------+-------+------------+-------+---------+
| regno     | name        | dept  | fathername | marks | subject |
+-----------+-------------+-------+------------+-------+---------+
| 192111719 | naveenreddy | civil | ramireddy  |   100 | dbms    |
| 192111234 | naveen      | ece   | murthi     |    98 | pdsd    |
| 192111453 | vali        | mech  | hussain    |    99 | beee    |
+-----------+-------------+-------+------------+-------+---------+
3 rows in set (0.00 sec)

mysql> select*from mentees group by marks;
+-----------+-------------+-------+------------+-------+---------+
| regno     | name        | dept  | fathername | marks | subject |
+-----------+-------------+-------+------------+-------+---------+
| 192111234 | naveen      | ece   | murthi     |    98 | pdsd    |
| 192111453 | vali        | mech  | hussain    |    99 | beee    |
| 192111719 | naveenreddy | civil | ramireddy  |   100 | dbms    |
+-----------+-------------+-------+------------+-------+---------+
3 rows in set (0.00 sec)

mysql> select*from mentees having marks>98;
+-----------+-------------+-------+------------+-------+---------+
| regno     | name        | dept  | fathername | marks | subject |
+-----------+-------------+-------+------------+-------+---------+
| 192111719 | naveenreddy | civil | ramireddy  |   100 | dbms    |
| 192111453 | vali        | mech  | hussain    |    99 | beee    |
+-----------+-------------+-------+------------+-------+---------+
2 rows in set (0.00 sec)

mysql> select*from mentees having marks=100;
+-----------+-------------+-------+------------+-------+---------+
| regno     | name        | dept  | fathername | marks | subject |
+-----------+-------------+-------+------------+-------+---------+
| 192111719 | naveenreddy | civil | ramireddy  |   100 | dbms    |
+-----------+-------------+-------+------------+-------+---------+
1 row in set (0.00 sec)

mysql>